COMMAND: C:\Python313\python.exe scripts/run_compression.py --output-dir outputs\exp25_track2_robustness\frequency_5.800000ghz --circuit-dir outputs/ipm_python_design --pump-freq-ghz 7.540816326531111 --pump-current-a 7.231074707853736e-06 --pump-current-jc-scale 1.0 --pump-mode-policy dense_real --pump-harmonics 6 --pump-nt 40 --multitone-basis lattice --multitone-sidebands 2 --source-port 1 --pump-port 4 --out-port 2 --attenuation-db 0 --factor-backend pardiso --n-signal-power 16 --signal-current-min-a 1e-10 --signal-current-max-a 1e-6 --recovery ladder --signal-continuation-deadline-s 600 --signal-workers 1 --signal-ghz 5.8 --allow-memory-overcommit --log-level DEBUG


--- STDERR ---
usage: run_compression.py [-h] --output-dir OUTPUT_DIR
                          [--n-signal-power N_SIGNAL_POWER]
                          [--p1db-power-tol-db P1DB_POWER_TOL_DB]
                          [--multitone-basis {matched,three_tone,lattice}]
                          [--multitone-sidebands MULTITONE_SIDEBANDS]
                          [--resource-budget-gb RESOURCE_BUDGET_GB]
                          [--multitone-backend {auto,full,schur_cpu_mt}]
                          [--save-states {none,last,selected,all}]
                          [--signal-ghz-min SIGNAL_GHZ_MIN]
                          [--signal-ghz-max SIGNAL_GHZ_MAX]
                          [--n-signal-freq N_SIGNAL_FREQ]
                          [--signal-workers SIGNAL_WORKERS]
                          [--summary-json SUMMARY_JSON]
                          [--fixture {jpa,jtwpa,fqjtwpa} |
                          --circuit-dir CIRCUIT_DIR]
                          [--pump-solution-dir PUMP_SOLUTION_DIR]
                          [--pump-freq-ghz PUMP_FREQ_GHZ]
                          [--signal-ghz SIGNAL_GHZ]
                          [--pump-current-a PUMP_CURRENT_A]
                          [--pump-current-jc-scale PUMP_CURRENT_JC_SCALE]
                          [--pump-mode-policy PUMP_MODE_POLICY]
                          [--pump-mode-count PUMP_MODE_COUNT]
                          [--pump-modes PUMP_MODES]
                          [--pump-harmonics PUMP_HARMONICS]
                          [--pump-nt PUMP_NT] [--source-port SOURCE_PORT]
                          [--pump-port PUMP_PORT] [--out-port OUT_PORT]
                          [--diagnostic-port DIAGNOSTIC_PORT]
                          [--attenuation-db ATTENUATION_DB] [--z0-ohm Z0_OHM]
                          [--signal-current-min-a SIGNAL_CURRENT_MIN_A]
                          [--signal-current-max-a SIGNAL_CURRENT_MAX_A]
                          [--recovery {plain,ladder}]
                          [--signal-substep-init-db SIGNAL_SUBSTEP_INIT_DB]
                          [--signal-substep-min-db SIGNAL_SUBSTEP_MIN_DB]
                          [--signal-continuation-deadline-s SIGNAL_CONTINUATION_DEADLINE_S]
                          [--signal-arclength-recovery] [--check-stability]
                          [--spatial-profiles]
                          [--multitone-preconditioner {real_coupled_fast,floquet_sector,spectral_coupled,mean_tangent,linear,none}]
                          [--factor-backend {auto,pardiso,banded}]
                          [--allow-memory-overcommit]
                          [--precond-reuse PRECOND_REUSE]
                          [--precond-reuse-refresh-gmres PRECOND_REUSE_REFRESH_GMRES]
run_compression.py: error: unrecognized arguments: --log-level DEBUG
